// Jest Snapshot v1, https://goo.gl/fbAQLP

exports[`transformer simple import should transform path into "chunk-friendly" name 1`] = `
"loadable({
    chunkName() {
        return \\"foo-bar\\";
    },
    isReady(props) {
        if (typeof __webpack_modules__ !== \\"undefined\\") {
            return !!__webpack_modules__[this.resolve(props)];
        }
        return false;
    },
    requireAsync: () => import(/* webpackChunkName: \\"foo-bar\\" */
    '../foo/bar'),
    requireSync(props) {
        const id = this.resolve(props);
        if (typeof __webpack_require__ !== \\"undefined\\") {
            return __webpack_require__(id);
        }
        return eval(\\"module.require\\")(id);
    },
    resolve() {
        if (require.resolveWeak) {
            return require.resolveWeak(\\"../foo/bar\\");
        }
        return eval(\\"require.resolve\\")(\\"../foo/bar\\");
    }
});
"
`;
